<div class='definition'><pre>Simple Property</pre></div><div class='content'>https://en.wikipedia.org/</div><table class='sections'><tr><td valign='top' class='section'><p>Key:</td><td valign='top'><p>website</td><tr><td valign='top' class='section'><p>Value:</td><td valign='top'><p>https://en.wikipedia.org/</td><tr><td valign='top' class='section'><p>File:</td><td valign='top'><p>DocumentationTestData.simple</td><tr><td valign='top' class='section'><p>Comment:</td><td valign='top'><p>You are reading the ".properties" entry.
 The exclamation mark can also mark text as comments.</td></table>